Step: 001 | W_max: 1.2064 | Eff_DX: 0.011154
Step: 002 | W_max: 1.2071 | Eff_DX: 0.011154
Step: 003 | W_max: 1.2108 | Eff_DX: 0.011150
Step: 004 | W_max: 1.2176 | Eff_DX: 0.011143
Step: 005 | W_max: 1.2273 | Eff_DX: 0.011134
Step: 006 | W_max: 1.2396 | Eff_DX: 0.011121
Step: 007 | W_max: 1.2542 | Eff_DX: 0.011107
Step: 008 | W_max: 1.2709 | Eff_DX: 0.011090
Step: 009 | W_max: 1.2894 | Eff_DX: 0.011072
Step: 010 | W_max: 1.3093 | Eff_DX: 0.011053
Step: 011 | W_max: 1.3305 | Eff_DX: 0.011032
Step: 012 | W_max: 1.3528 | Eff_DX: 0.011011
Step: 013 | W_max: 1.3759 | Eff_DX: 0.010988
Step: 014 | W_max: 1.3997 | Eff_DX: 0.010965
Step: 015 | W_max: 1.4241 | Eff_DX: 0.010942
Step: 016 | W_max: 1.4490 | Eff_DX: 0.010918
Step: 017 | W_max: 1.4744 | Eff_DX: 0.010894
Step: 018 | W_max: 1.5000 | Eff_DX: 0.010870
Step: 019 | W_max: 1.5331 | Eff_DX: 0.010838
Step: 020 | W_max: 1.5685 | Eff_DX: 0.010805
Step: 021 | W_max: 1.6047 | Eff_DX: 0.010772
Step: 022 | W_max: 1.6415 | Eff_DX: 0.010737
Step: 023 | W_max: 1.6792 | Eff_DX: 0.010703
Step: 024 | W_max: 1.7178 | Eff_DX: 0.010668
Step: 025 | W_max: 1.7573 | Eff_DX: 0.010632
Step: 026 | W_max: 1.7980 | Eff_DX: 0.010595
Step: 027 | W_max: 1.8398 | Eff_DX: 0.010558
Step: 028 | W_max: 1.8829 | Eff_DX: 0.010519
Step: 029 | W_max: 1.9275 | Eff_DX: 0.010480
Step: 030 | W_max: 1.9737 | Eff_DX: 0.010440
Step: 031 | W_max: 2.0217 | Eff_DX: 0.010398
Step: 032 | W_max: 2.0717 | Eff_DX: 0.010355
Step: 033 | W_max: 2.1240 | Eff_DX: 0.010310
Step: 034 | W_max: 2.1788 | Eff_DX: 0.010264
Step: 035 | W_max: 2.2365 | Eff_DX: 0.010215
Step: 036 | W_max: 2.2974 | Eff_DX: 0.010165
Step: 037 | W_max: 2.3619 | Eff_DX: 0.010112
Step: 038 | W_max: 2.4306 | Eff_DX: 0.010056
Step: 039 | W_max: 2.5040 | Eff_DX: 0.009997
Step: 040 | W_max: 2.5829 | Eff_DX: 0.009934
Step: 041 | W_max: 2.6679 | Eff_DX: 0.009867
Step: 042 | W_max: 2.7601 | Eff_DX: 0.009796
Step: 043 | W_max: 2.8605 | Eff_DX: 0.009720
Step: 044 | W_max: 2.9705 | Eff_DX: 0.009637
Step: 045 | W_max: 3.0916 | Eff_DX: 0.009548
Step: 046 | W_max: 3.2259 | Eff_DX: 0.009451
Step: 047 | W_max: 3.3756 | Eff_DX: 0.009345
Step: 048 | W_max: 3.5434 | Eff_DX: 0.009230
Step: 049 | W_max: 3.7329 | Eff_DX: 0.009102
Step: 050 | W_max: 3.9480 | Eff_DX: 0.008962
Step: 051 | W_max: 4.1937 | Eff_DX: 0.008807
Step: 052 | W_max: 4.4753 | Eff_DX: 0.008635
Step: 053 | W_max: 4.7990 | Eff_DX: 0.008447
Step: 054 | W_max: 5.1705 | Eff_DX: 0.008240
Step: 055 | W_max: 5.5940 | Eff_DX: 0.008016
Step: 056 | W_max: 6.0698 | Eff_DX: 0.007779
Step: 057 | W_max: 6.5925 | Eff_DX: 0.007534
Step: 058 | W_max: 7.1511 | Eff_DX: 0.007288
Step: 059 | W_max: 7.7322 | Eff_DX: 0.007049
Step: 060 | W_max: 8.3244 | Eff_DX: 0.006822
Step: 061 | W_max: 8.9206 | Eff_DX: 0.006607
Step: 062 | W_max: 9.5174 | Eff_DX: 0.006405
Step: 063 | W_max: 10.1132 | Eff_DX: 0.006215
Step: 064 | W_max: 10.7074 | Eff_DX: 0.006037
Step: 065 | W_max: 11.2993 | Eff_DX: 0.005869
Step: 066 | W_max: 11.8887 | Eff_DX: 0.005711
Step: 067 | W_max: 12.4751 | Eff_DX: 0.005562
Step: 068 | W_max: 13.0580 | Eff_DX: 0.005421
Step: 069 | W_max: 13.6371 | Eff_DX: 0.005288
Step: 070 | W_max: 14.2117 | Eff_DX: 0.005163
Step: 071 | W_max: 14.7814 | Eff_DX: 0.005044
Step: 072 | W_max: 15.3455 | Eff_DX: 0.004932
Step: 073 | W_max: 15.9033 | Eff_DX: 0.004826
Step: 074 | W_max: 16.4542 | Eff_DX: 0.004725
Step: 075 | W_max: 16.9972 | Eff_DX: 0.004630
Step: 076 | W_max: 17.5315 | Eff_DX: 0.004540
Step: 077 | W_max: 18.0557 | Eff_DX: 0.004455
Step: 078 | W_max: 18.5689 | Eff_DX: 0.004375
Step: 079 | W_max: 19.0697 | Eff_DX: 0.004300
Step: 080 | W_max: 19.5566 | Eff_DX: 0.004229
Step: 081 | W_max: 20.0288 | Eff_DX: 0.004163
Step: 082 | W_max: 20.4847 | Eff_DX: 0.004100
Step: 083 | W_max: 20.9230 | Eff_DX: 0.004042
Step: 084 | W_max: 21.3434 | Eff_DX: 0.003988
Step: 085 | W_max: 21.7464 | Eff_DX: 0.003937
Step: 086 | W_max: 22.1336 | Eff_DX: 0.003890
Step: 087 | W_max: 22.5080 | Eff_DX: 0.003845
Step: 088 | W_max: 22.8734 | Eff_DX: 0.003802
Step: 089 | W_max: 23.2335 | Eff_DX: 0.003761
Step: 090 | W_max: 23.5918 | Eff_DX: 0.003721
Step: 091 | W_max: 23.9506 | Eff_DX: 0.003682
Step: 092 | W_max: 24.3111 | Eff_DX: 0.003643
Step: 093 | W_max: 24.6742 | Eff_DX: 0.003605
Step: 094 | W_max: 25.0399 | Eff_DX: 0.003567
Step: 095 | W_max: 25.4085 | Eff_DX: 0.003530
Step: 096 | W_max: 25.7797 | Eff_DX: 0.003494
Step: 097 | W_max: 26.1535 | Eff_DX: 0.003457
Step: 098 | W_max: 26.5298 | Eff_DX: 0.003422
Step: 099 | W_max: 26.9085 | Eff_DX: 0.003387
Step: 100 | W_max: 27.2895 | Eff_DX: 0.003352
Step: 101 | W_max: 27.6727 | Eff_DX: 0.003318
Step: 102 | W_max: 28.0580 | Eff_DX: 0.003284
Step: 103 | W_max: 28.4453 | Eff_DX: 0.003251
Step: 104 | W_max: 28.8345 | Eff_DX: 0.003219
Step: 105 | W_max: 29.2256 | Eff_DX: 0.003187
Step: 106 | W_max: 29.6185 | Eff_DX: 0.003155
Step: 107 | W_max: 30.0130 | Eff_DX: 0.003124
Step: 108 | W_max: 30.4093 | Eff_DX: 0.003093
Step: 109 | W_max: 30.8070 | Eff_DX: 0.003063
Step: 110 | W_max: 31.2064 | Eff_DX: 0.003034
Step: 111 | W_max: 31.6071 | Eff_DX: 0.003004
Step: 112 | W_max: 32.0093 | Eff_DX: 0.002976
Step: 113 | W_max: 32.4128 | Eff_DX: 0.002947
Step: 114 | W_max: 32.8176 | Eff_DX: 0.002919
Step: 115 | W_max: 33.2237 | Eff_DX: 0.002892
Step: 116 | W_max: 33.6310 | Eff_DX: 0.002865
Step: 117 | W_max: 34.0394 | Eff_DX: 0.002838
Step: 118 | W_max: 34.4490 | Eff_DX: 0.002812
Step: 119 | W_max: 34.8596 | Eff_DX: 0.002786
Step: 120 | W_max: 35.2713 | Eff_DX: 0.002761
Step: 121 | W_max: 35.6840 | Eff_DX: 0.002736
Step: 122 | W_max: 36.0976 | Eff_DX: 0.002712
Step: 123 | W_max: 36.5122 | Eff_DX: 0.002687
Step: 124 | W_max: 36.9277 | Eff_DX: 0.002664
Step: 125 | W_max: 37.3441 | Eff_DX: 0.002640
Step: 126 | W_max: 37.7613 | Eff_DX: 0.002617
Step: 127 | W_max: 38.1793 | Eff_DX: 0.002594
Step: 128 | W_max: 38.5981 | Eff_DX: 0.002572
Step: 129 | W_max: 39.0177 | Eff_DX: 0.002550
Step: 130 | W_max: 39.4380 | Eff_DX: 0.002528
Step: 131 | W_max: 39.8590 | Eff_DX: 0.002507
Step: 132 | W_max: 40.2808 | Eff_DX: 0.002486
Step: 133 | W_max: 40.7031 | Eff_DX: 0.002465
Step: 134 | W_max: 41.1262 | Eff_DX: 0.002445
Step: 135 | W_max: 41.5498 | Eff_DX: 0.002425
Step: 136 | W_max: 41.9741 | Eff_DX: 0.002405
Step: 137 | W_max: 42.3989 | Eff_DX: 0.002386
Step: 138 | W_max: 42.8244 | Eff_DX: 0.002366
Step: 139 | W_max: 43.2503 | Eff_DX: 0.002347
Step: 140 | W_max: 43.6768 | Eff_DX: 0.002329
Step: 141 | W_max: 44.1039 | Eff_DX: 0.002310
Step: 142 | W_max: 44.5314 | Eff_DX: 0.002292
Step: 143 | W_max: 44.9594 | Eff_DX: 0.002274
Step: 144 | W_max: 45.3879 | Eff_DX: 0.002257
Step: 145 | W_max: 45.8169 | Eff_DX: 0.002239
Step: 146 | W_max: 46.2463 | Eff_DX: 0.002222
Step: 147 | W_max: 46.6762 | Eff_DX: 0.002206
Step: 148 | W_max: 47.1064 | Eff_DX: 0.002189
Step: 149 | W_max: 47.5371 | Eff_DX: 0.002173
Step: 150 | W_max: 47.9682 | Eff_DX: 0.002156
