Step: 001 | W_max: 2.7859 | H2: 0.7200
Step: 002 | W_max: 2.7859 | H2: 0.7195
Step: 003 | W_max: 2.7859 | H2: 0.7189
Step: 004 | W_max: 2.7859 | H2: 0.7182
Step: 005 | W_max: 2.7859 | H2: 0.7175
Step: 006 | W_max: 2.7859 | H2: 0.7167
Step: 007 | W_max: 2.7859 | H2: 0.7157
Step: 008 | W_max: 2.7859 | H2: 0.7147
Step: 009 | W_max: 2.7859 | H2: 0.7135
Step: 010 | W_max: 2.7860 | H2: 0.7122
Step: 011 | W_max: 2.7860 | H2: 0.7108
Step: 012 | W_max: 2.7860 | H2: 0.7091
Step: 013 | W_max: 2.7860 | H2: 0.7074
Step: 014 | W_max: 2.7861 | H2: 0.7054
Step: 015 | W_max: 2.7862 | H2: 0.7033
Step: 016 | W_max: 2.7863 | H2: 0.7011
Step: 017 | W_max: 2.7865 | H2: 0.6987
Step: 018 | W_max: 2.7868 | H2: 0.6961
Step: 019 | W_max: 2.7871 | H2: 0.6935
Step: 020 | W_max: 2.7876 | H2: 0.6908
Step: 021 | W_max: 2.7883 | H2: 0.6879
Step: 022 | W_max: 2.7892 | H2: 0.6851
Step: 023 | W_max: 2.7904 | H2: 0.6822
Step: 024 | W_max: 2.7919 | H2: 0.6793
Step: 025 | W_max: 2.7940 | H2: 0.6765
Step: 026 | W_max: 2.7968 | H2: 0.6738
Step: 027 | W_max: 2.8005 | H2: 0.6713
Step: 028 | W_max: 2.8053 | H2: 0.6690
Step: 029 | W_max: 2.8115 | H2: 0.6669
Step: 030 | W_max: 2.8196 | H2: 0.6653
Step: 031 | W_max: 2.8301 | H2: 0.6641
Step: 032 | W_max: 2.8436 | H2: 0.6636
Step: 033 | W_max: 2.8610 | H2: 0.6637
Step: 034 | W_max: 2.8832 | H2: 0.6646
Step: 035 | W_max: 2.9115 | H2: 0.6666
Step: 036 | W_max: 2.9473 | H2: 0.6697
Step: 037 | W_max: 2.9921 | H2: 0.6743
Step: 038 | W_max: 3.0478 | H2: 0.6805
Step: 039 | W_max: 3.1163 | H2: 0.6886
Step: 040 | W_max: 3.1992 | H2: 0.6989
Step: 041 | W_max: 3.2982 | H2: 0.7119
Step: 042 | W_max: 3.4141 | H2: 0.7279
Step: 043 | W_max: 3.5471 | H2: 0.7475
Step: 044 | W_max: 3.6962 | H2: 0.7713
Step: 045 | W_max: 3.8595 | H2: 0.8000
Step: 046 | W_max: 4.0341 | H2: 0.8345
Step: 047 | W_max: 4.2163 | H2: 0.8758
Step: 048 | W_max: 4.4025 | H2: 0.9251
Step: 049 | W_max: 4.5892 | H2: 0.9840
Step: 050 | W_max: 4.7740 | H2: 1.0544
Step: 051 | W_max: 4.9561 | H2: 1.1383
Step: 052 | W_max: 5.1366 | H2: 1.2383
Step: 053 | W_max: 5.3169 | H2: 1.3575
Step: 054 | W_max: 5.4973 | H2: 1.4990
Step: 055 | W_max: 5.6782 | H2: 1.6662
Step: 056 | W_max: 5.8976 | H2: 1.8622
Step: 057 | W_max: 6.3165 | H2: 2.0899
Step: 058 | W_max: 6.7444 | H2: 2.3515
Step: 059 | W_max: 7.1777 | H2: 2.6486
Step: 060 | W_max: 7.6146 | H2: 2.9822
Step: 061 | W_max: 8.0538 | H2: 3.3523
Step: 062 | W_max: 8.4947 | H2: 3.7582
Step: 063 | W_max: 8.9369 | H2: 4.1979
Step: 064 | W_max: 9.3802 | H2: 4.6685
Step: 065 | W_max: 9.8244 | H2: 5.1663
Step: 066 | W_max: 10.2694 | H2: 5.6871
Step: 067 | W_max: 10.7152 | H2: 6.2288
Step: 068 | W_max: 11.1615 | H2: 6.7928
Step: 069 | W_max: 11.6084 | H2: 7.3841
Step: 070 | W_max: 12.0558 | H2: 8.0097
Step: 071 | W_max: 12.5035 | H2: 8.6773
Step: 072 | W_max: 12.9517 | H2: 9.3940
Step: 073 | W_max: 13.4002 | H2: 10.1670
Step: 074 | W_max: 13.8490 | H2: 11.0030
Step: 075 | W_max: 14.2981 | H2: 11.9081
Step: 076 | W_max: 14.7474 | H2: 12.8883
Step: 077 | W_max: 15.1970 | H2: 13.9491
Step: 078 | W_max: 15.6467 | H2: 15.0952
Step: 079 | W_max: 16.0967 | H2: 16.3308
Step: 080 | W_max: 16.5468 | H2: 17.6593
Step: 081 | W_max: 16.9971 | H2: 19.0828
Step: 082 | W_max: 17.4475 | H2: 20.6021
Step: 083 | W_max: 17.8980 | H2: 22.2160
Step: 084 | W_max: 18.3487 | H2: 23.9208
Step: 085 | W_max: 18.7994 | H2: 25.7097
Step: 086 | W_max: 19.2503 | H2: 27.5742
Step: 087 | W_max: 19.7012 | H2: 29.5063
Step: 088 | W_max: 20.1523 | H2: 31.5030
Step: 089 | W_max: 20.6034 | H2: 33.5671
Step: 090 | W_max: 21.0546 | H2: 35.7047
Step: 091 | W_max: 21.5058 | H2: 37.9222
Step: 092 | W_max: 21.9571 | H2: 40.2263
Step: 093 | W_max: 22.4085 | H2: 42.6231
Step: 094 | W_max: 22.8599 | H2: 45.1188
Step: 095 | W_max: 23.3113 | H2: 47.7191
Step: 096 | W_max: 23.7628 | H2: 50.4293
Step: 097 | W_max: 24.2144 | H2: 53.2546
Step: 098 | W_max: 24.6660 | H2: 56.1993
Step: 099 | W_max: 25.1176 | H2: 59.2674
Step: 100 | W_max: 25.5692 | H2: 62.4623
Step: 101 | W_max: 26.0209 | H2: 65.7861
Step: 102 | W_max: 26.4726 | H2: 69.2402
Step: 103 | W_max: 26.9243 | H2: 72.8241
Step: 104 | W_max: 27.3761 | H2: 76.5353
Step: 105 | W_max: 27.8278 | H2: 80.3686
Step: 106 | W_max: 28.2796 | H2: 84.3163
Step: 107 | W_max: 28.7314 | H2: 88.3699
Step: 108 | W_max: 29.1832 | H2: 92.5229
Step: 109 | W_max: 29.6350 | H2: 96.7746
Step: 110 | W_max: 30.0869 | H2: 101.1284
Step: 111 | W_max: 30.5387 | H2: 105.5898
Step: 112 | W_max: 30.9906 | H2: 110.1647
Step: 113 | W_max: 31.4425 | H2: 114.8585
Step: 114 | W_max: 31.8943 | H2: 119.6774
Step: 115 | W_max: 32.3462 | H2: 124.6268
Step: 116 | W_max: 32.7981 | H2: 129.7122
Step: 117 | W_max: 33.2500 | H2: 134.9384
Step: 118 | W_max: 33.7019 | H2: 140.3099
Step: 119 | W_max: 34.1538 | H2: 145.8308
Step: 120 | W_max: 34.6057 | H2: 151.5045
Step: 121 | W_max: 35.0576 | H2: 157.3340
Step: 122 | W_max: 35.5094 | H2: 163.3204
Step: 123 | W_max: 35.9613 | H2: 169.4646
Step: 124 | W_max: 36.4132 | H2: 175.7650
Step: 125 | W_max: 36.8651 | H2: 182.2180
Step: 126 | W_max: 37.3170 | H2: 188.8171
Step: 127 | W_max: 37.7689 | H2: 195.5545
Step: 128 | W_max: 38.2208 | H2: 202.4225
Step: 129 | W_max: 38.6726 | H2: 209.4171
Step: 130 | W_max: 39.1245 | H2: 216.5395
Step: 131 | W_max: 39.5764 | H2: 223.7937
Step: 132 | W_max: 40.0282 | H2: 231.1845
Step: 133 | W_max: 40.4801 | H2: 238.7172
Step: 134 | W_max: 40.9319 | H2: 246.3975
Step: 135 | W_max: 41.3838 | H2: 254.2323
Step: 136 | W_max: 41.8356 | H2: 262.2270
Step: 137 | W_max: 42.2874 | H2: 270.3878
Step: 138 | W_max: 42.7393 | H2: 278.7200
Step: 139 | W_max: 43.1911 | H2: 287.2285
Step: 140 | W_max: 43.6429 | H2: 295.9186
Step: 141 | W_max: 44.0947 | H2: 304.7938
Step: 142 | W_max: 44.5465 | H2: 313.8577
Step: 143 | W_max: 44.9982 | H2: 323.1104
Step: 144 | W_max: 45.4500 | H2: 332.5536
Step: 145 | W_max: 45.9017 | H2: 342.1843
Step: 146 | W_max: 46.3535 | H2: 351.9970
Step: 147 | W_max: 46.8052 | H2: 361.9835
Step: 148 | W_max: 47.2569 | H2: 372.1343
Step: 149 | W_max: 47.7087 | H2: 382.4425
Step: 150 | W_max: 48.1604 | H2: 392.9051
